---
source: examples/buiy_gallery/tests/composites_layout.rs
expression: composites_showcase
---
# buiy-layout-dump v1
#CompositesPage pos=0,0 size=1280,900
  #CompositesGrid pos=0,0 size=1344,268
    #ShowcaseCell pos=32,32 size=136,56
      #CellLabel pos=0,0 size=136,12
      #Stepper pos=0,20 size=136,36
        #StepperButton-Decrement pos=0,0 size=36,36
          #StepperIcon-Decrement pos=11,11 size=15,15
        #StepperButton-Increment pos=100,0 size=36,36
          #StepperIcon-Increment pos=11,11 size=15,15
        #StepperCount pos=46,6 size=44,24
    #ShowcaseCell pos=32,117 size=180,54
      #CellLabel pos=0,0 size=180,12
      #StatList pos=0,20 size=180,34
        #StatRow pos=0,0 size=180,14
          #StatKey pos=0,0 size=39,14
          #StatVal pos=145,0 size=35,14
        #StatRow pos=0,20 size=180,14
          #StatKey pos=0,0 size=31,14
          #StatVal pos=138,0 size=42,14
    #ShowcaseCell pos=196,32 size=136,57
      #CellLabel pos=0,0 size=136,12
      #Segmented pos=0,20 size=136,37
        #SegmentedOption-0 pos=4,4 size=52,29
          #SegmentedLabel-0 pos=0,7 size=52,15
        #SegmentedOption-1 pos=60,4 size=29,29
          #SegmentedLabel-1 pos=0,7 size=29,15
        #SegmentedOption-2 pos=93,4 size=39,29
          #SegmentedLabel-2 pos=0,7 size=39,15
    #ShowcaseCell pos=240,117 size=360,119
      #CellLabel pos=0,0 size=360,12
      #TablePanel pos=0,20 size=360,99
        #TableHeader pos=0,0 size=360,29
          #HeaderCell-FRAME pos=226,8 size=66,12
          #HeaderCell-INDEX pos=14,8 size=46,12
          #HeaderCell-NODE pos=72,8 size=142,12
          #HeaderCell-STATE pos=304,8 size=42,12
        #TableRow pos=0,29 size=360,35
          #RowDot pos=74,14 size=7,7
          #RowIdx pos=12,10 size=46,14
          #RowIndent pos=66,17 size=0,0
          #RowMs pos=232,10 size=66,14
          #RowName pos=135,9 size=89,16
          #RowState pos=306,11 size=42,12
          #RowType pos=89,9 size=38,16
        #TableRow pos=0,64 size=360,35
          #RowDot pos=83,14 size=6,7
          #RowIdx pos=12,10 size=42,14
          #RowIndent pos=62,17 size=13,0
          #RowMs pos=242,10 size=60,14
          #RowName pos=151,9 size=83,16
          #RowSelBar pos=0,0 size=3,34
          #RowState pos=310,11 size=38,12
          #RowType pos=97,9 size=46,16
    #ShowcaseCell pos=360,32 size=264,56
      #CellLabel pos=0,0 size=264,12
      #SearchInput pos=0,20 size=264,36
        #SearchField pos=35,7 size=217,22
        #SearchIcon pos=12,11 size=15,15
    #ShowcaseCell pos=652,32 size=240,28
      #CellLabel pos=0,0 size=240,12
      #MeterTrack pos=0,20 size=240,8
        #MeterFill pos=0,0 size=240,8
    #ShowcaseCell pos=920,32 size=60,46
      #Badge pos=0,20 size=60,26
        #BadgeLabel pos=10,6 size=40,14
      #CellLabel pos=0,0 size=60,12
    #ShowcaseCell pos=1008,32 size=72,44
      #CellLabel pos=0,0 size=72,12
      #Chip pos=0,20 size=72,24
        #ChipDot pos=10,9 size=6,6
        #ChipLabel pos=22,5 size=40,14
    #ShowcaseCell pos=1108,32 size=32,40
      #CellLabel pos=0,0 size=32,12
      #Kbd pos=0,20 size=32,20
        #KbdGlyph pos=7,4 size=18,12
          #KbdCmdGlyph pos=0,1 size=11,11
          #KbdCmdText pos=12,0 size=6,12
    #ShowcaseCell pos=1168,32 size=80,27
      #CellLabel pos=0,0 size=80,12
      #StatusDots pos=0,20 size=80,7
        #StatusDot pos=0,0 size=7,7
        #StatusDot pos=21,0 size=7,7
