---
source: examples/buiy_gallery/tests/modal_layout.rs
expression: modal_screen
---
# buiy-layout-dump v1
ModalDialog pos=0,0 size=320,180
  ModalBody pos=0,22 size=320,17
  ModalClose pos=0,59 size=136,48
  ModalSwitch pos=0,39 size=40,20
    entity#90 pos=0,0 size=16,16
  ModalTitle pos=0,0 size=320,22
ModalRoot pos=0,0 size=800,600
  ModalBackgroundButton pos=0,48 size=136,48
  ModalInvoker pos=0,0 size=136,48
