---
source: examples/buiy_gallery/tests/overlay_menu_layout.rs
expression: overlay_menu_screen
---
# buiy-layout-dump v1
InfoPopover pos=176,52 size=160,80
  InfoPopoverText pos=0,0 size=160,17
OverlayCard pos=0,0 size=468,96
  EditMenuButton pos=24,24 size=136,48
    EditMenu pos=24,76 size=168,92
      MenuCopy pos=4,32 size=152,28
        entity#88 pos=0,0 size=152,20
      MenuCut pos=4,4 size=152,28
        entity#86 pos=0,0 size=152,20
      MenuPaste pos=4,60 size=152,28
        entity#90 pos=0,0 size=152,20
    entity#83 pos=8,8 size=120,20
  InfoTip pos=176,24 size=24,24
    entity#92 pos=0,0 size=24,17
    entity#93 pos=176,54 size=160,28
