---
source: examples/buiy_gallery/tests/overlay_menu_layout.rs
expression: overlay_menu_screen
---
# buiy-layout-dump v1
#MenuScreen pos=0,0 size=880,243
  #MenuCardWrap pos=230,40 size=420,163
    #MenuCaption pos=4,124 size=420,39
    #OverlayCard pos=0,0 size=422,108
      #MenuFooter pos=1,64 size=420,43
        #MenuBlinkDot pos=16,18 size=8,8
        #MenuLastAction pos=120,14 size=8,15
        #MenuLastActionLabel pos=34,15 size=76,14
      #MenuHeader pos=1,1 size=420,63
        #MenuDropdown pos=370,52 size=230,172
          #MenuItem-Copylink pos=6,102 size=218,32
            #MenuItemIcon pos=9,9 size=15,15
            #MenuItemKbd pos=191,10 size=18,12
              #KbdCmdGlyph pos=0,1 size=11,11
              #KbdCmdText pos=12,0 size=6,12
            #MenuItemLabel pos=34,8 size=57,16
            #MenuItemSpacer pos=101,16 size=80,0
          #MenuItem-Delete pos=6,134 size=218,32
            #MenuItemIcon pos=9,9 size=15,15
            #MenuItemKbd pos=203,10 size=6,12
            #MenuItemLabel pos=34,8 size=40,16
            #MenuItemSpacer pos=84,16 size=109,0
          #MenuItem-Duplicate pos=6,70 size=218,32
            #MenuItemIcon pos=9,9 size=15,15
            #MenuItemKbd pos=191,10 size=18,12
              #KbdCmdGlyph pos=0,1 size=11,11
              #KbdCmdText pos=12,0 size=6,12
            #MenuItemLabel pos=34,8 size=58,16
            #MenuItemSpacer pos=102,16 size=79,0
          #MenuItem-Open pos=6,6 size=218,32
            #MenuItemIcon pos=9,9 size=15,15
            #MenuItemKbd pos=203,10 size=6,12
            #MenuItemLabel pos=34,8 size=33,16
            #MenuItemSpacer pos=77,16 size=116,0
          #MenuItem-Rename pos=6,38 size=218,32
            #MenuItemIcon pos=9,9 size=15,15
            #MenuItemKbd pos=197,10 size=12,12
            #MenuItemLabel pos=34,8 size=50,16
            #MenuItemSpacer pos=94,16 size=93,0
        #MenuFileTile pos=16,14 size=34,34
          #MenuFolderIcon pos=9,9 size=17,17
        #MenuHeaderSpacer pos=268,31 size=90,0
        #MenuNameCol pos=62,15 size=194,33
          #MenuFileName pos=0,0 size=194,17
          #MenuFilePath pos=0,19 size=194,14
        #MenuTrigger pos=370,14 size=34,34
          #MenuDotsCenter pos=1,1 size=32,32
            #MenuDotsIcon pos=8,8 size=17,17
  #MenuOverlayPrimitives pos=0,0 size=0,0
    InfoPopover pos=0,4 size=0,0
      InfoPopoverText pos=0,0 size=0,0
    InfoTip pos=0,0 size=0,0
      entity#130 pos=0,0 size=0,0
      entity#131 pos=0,6 size=0,0
