---
source: examples/buiy_gallery/tests/scroll_list_layout.rs
expression: scroll_list_screen
---
# buiy-layout-dump v1
#ScrollScreen pos=0,0 size=800,506
  #ScrollWrap pos=0,0 size=800,506
    #ScrollHeading pos=22,18 size=756,36
      #ScrollH1 pos=0,7 size=89,22
      #ScrollHeadingSpacer pos=259,18 size=221,0
      #ScrollTotal pos=101,11 size=146,14
      #SearchInput pos=492,0 size=264,36
        #SearchField pos=35,7 size=217,22
        #SearchIcon pos=12,11 size=15,15
    #ScrollPanel pos=22,68 size=756,420
      #ScrollFooter pos=1,390 size=754,29
        #ScrollFooterSelection pos=660,8 size=80,14
        #ScrollFooterWindow pos=14,8 size=47,14
      #TableHeader pos=1,1 size=754,29
        #HeaderCell-FRAME pos=620,8 size=66,12
        #HeaderCell-INDEX pos=14,8 size=46,12
        #HeaderCell-NODE pos=72,8 size=536,12
        #HeaderCell-STATE pos=698,8 size=42,12
      ScrollList pos=1,30 size=754,360
        #ScrollRow0 pos=0,0 size=742,35
          #RowDot pos=74,14 size=7,7
          #RowIdx pos=12,10 size=46,14
          #RowIndent pos=66,17 size=0,0
          #RowMs pos=614,10 size=66,14
          #RowName pos=128,9 size=478,16
          #RowState pos=688,11 size=42,12
          #RowType pos=89,9 size=31,16
        #ScrollRow1 pos=0,35 size=742,35
          #RowDot pos=113,14 size=7,7
          #RowIdx pos=12,10 size=46,14
          #RowIndent pos=66,17 size=39,0
          #RowMs pos=614,10 size=66,14
          #RowName pos=174,9 size=432,16
          #RowState pos=688,11 size=42,12
          #RowType pos=128,9 size=38,16
        #ScrollRow2 pos=0,70 size=742,35
          #RowDot pos=87,14 size=7,7
          #RowIdx pos=12,10 size=46,14
          #RowIndent pos=66,17 size=13,0
          #RowMs pos=614,10 size=66,14
          #RowName pos=148,9 size=458,16
          #RowState pos=688,11 size=42,12
          #RowType pos=102,9 size=38,16
        #ScrollRow3 pos=0,105 size=742,35
          #RowDot pos=113,14 size=7,7
          #RowIdx pos=12,10 size=46,14
          #RowIndent pos=66,17 size=39,0
          #RowMs pos=614,10 size=66,14
          #RowName pos=182,9 size=424,16
          #RowState pos=688,11 size=42,12
          #RowType pos=128,9 size=46,16
        #ScrollRow4 pos=0,140 size=742,35
          #RowDot pos=100,14 size=7,7
          #RowIdx pos=12,10 size=46,14
          #RowIndent pos=66,17 size=26,0
          #RowMs pos=614,10 size=66,14
          #RowName pos=146,9 size=460,16
          #RowState pos=688,11 size=42,12
          #RowType pos=115,9 size=23,16
        #ScrollRow5 pos=0,175 size=742,35
          #RowDot pos=74,14 size=7,7
          #RowIdx pos=12,10 size=46,14
          #RowIndent pos=66,17 size=0,0
          #RowMs pos=614,10 size=66,14
          #RowName pos=143,9 size=463,16
          #RowState pos=688,11 size=42,12
          #RowType pos=89,9 size=46,16
