---
source: examples/buiy_gallery/tests/shell_layout.rs
expression: shell_skeleton
---
# buiy-layout-dump v1
#ShellRoot pos=0,0 size=1280,800
  #Body pos=0,53 size=1280,718
    #Inspector pos=999,0 size=281,718
      #InspectorAccent pos=1,360 size=268,85
        #InspectorAccentLabel pos=16,14 size=236,12
        #InspectorAccentRow pos=16,37 size=236,34
          #AccentSwatch-Blue pos=0,0 size=34,34
          #AccentSwatch-Coral pos=126,0 size=34,34
          #AccentSwatch-Green pos=42,0 size=34,34
          #AccentSwatch-Violet pos=84,0 size=34,34
      #InspectorComposed pos=1,119 size=268,106
        #InspectorChips pos=16,37 size=236,54
          #Chip pos=0,0 size=65,24
            #ChipDot pos=10,9 size=6,6
            #ChipLabel pos=22,5 size=33,14
          #Chip pos=0,30 size=85,24
            #ChipDot pos=10,9 size=6,6
            #ChipLabel pos=22,5 size=53,14
          #Chip pos=71,0 size=92,24
            #ChipDot pos=10,9 size=6,6
            #ChipLabel pos=22,5 size=60,14
          #Chip pos=91,30 size=72,24
            #ChipDot pos=10,9 size=6,6
            #ChipLabel pos=22,5 size=40,14
          #Chip pos=169,30 size=59,24
            #ChipDot pos=10,9 size=6,6
            #ChipLabel pos=22,5 size=27,14
        #InspectorComposedLabel pos=16,14 size=236,12
      #InspectorHeader pos=1,0 size=268,41
        #InspectorGear pos=16,16 size=15,15
        #InspectorLabel pos=39,18 size=67,12
      #InspectorLive pos=1,225 size=268,135
        #InspectorLiveLabel pos=16,14 size=236,12
        #InspectorLiveState pos=16,37 size=236,83
          #StatRow pos=0,0 size=236,14
            #StatKey pos=0,0 size=25,14
            #StatVal pos=229,0 size=7,14
          #StatRow pos=0,23 size=236,14
            #StatKey pos=0,0 size=53,14
            #StatVal pos=229,0 size=7,14
          #StatRow pos=0,46 size=236,14
            #StatKey pos=0,0 size=56,14
            #StatVal pos=229,0 size=7,14
          #StatRow pos=0,69 size=236,14
            #StatKey pos=0,0 size=25,14
            #StatVal pos=215,0 size=21,14
      #InspectorNameDesc pos=1,41 size=268,78
        #InspectorDesc pos=16,28 size=236,35
        #InspectorName pos=16,8 size=236,17
    #ScreenRail pos=0,0 size=249,718
      #NavList pos=0,36 size=248,308
        #NavButton pos=8,0 size=254,49
          #NavBar pos=0,8 size=3,33
          #NavIcon pos=114,16 size=17,17
          #NavIdx pos=88,18 size=16,13
          #NavLabelCol pos=141,9 size=85,31
            #NavDesc pos=0,17 size=85,14
            #NavName pos=0,0 size=85,16
          entity#128 pos=12,15 size=66,20
        #NavButton pos=8,51 size=254,62
          #NavBar pos=0,8 size=3,46
          #NavIcon pos=118,23 size=16,17
          #NavIdx pos=94,25 size=14,13
          #NavLabelCol pos=144,9 size=100,44
            #NavDesc pos=0,17 size=100,27
            #NavName pos=0,0 size=100,16
          entity#136 pos=12,12 size=72,39
        #NavButton pos=8,115 size=254,78
          #NavBar pos=0,8 size=3,62
          #NavIcon pos=137,31 size=15,17
          #NavIdx pos=112,33 size=15,13
          #NavLabelCol pos=162,9 size=82,60
            #NavDesc pos=0,33 size=82,27
            #NavName pos=0,0 size=82,32
          entity#144 pos=12,20 size=90,39
        #NavButton pos=8,195 size=254,62
          #NavBar pos=0,8 size=3,46
          #NavIcon pos=125,23 size=14,17
          #NavIdx pos=102,25 size=13,13
          #NavLabelCol pos=149,9 size=95,44
            #NavDesc pos=0,17 size=95,27
            #NavName pos=0,0 size=95,16
          entity#152 pos=12,12 size=80,39
        #NavButton pos=8,259 size=254,49
          #NavBar pos=0,8 size=3,33
          #NavIcon pos=109,16 size=17,17
          #NavIdx pos=83,18 size=16,13
          #NavLabelCol pos=136,9 size=102,31
            #NavDesc pos=0,17 size=102,14
            #NavName pos=0,0 size=102,16
          entity#160 pos=12,15 size=61,20
      #RailSpacer pos=0,344 size=248,268
      #ScreensLabel pos=0,0 size=248,36
      #StatsBlock pos=0,612 size=248,106
        #StatRow pos=14,34 size=220,14
          #StatKey pos=0,0 size=42,14
          #StatVal pos=213,0 size=7,14
        #StatRow pos=14,57 size=220,14
          #StatKey pos=0,0 size=52,14
          #StatVal pos=206,0 size=14,14
        #StatRow pos=14,80 size=220,14
          #StatKey pos=0,0 size=33,14
          #StatVal pos=213,0 size=7,14
        #StatsLabel pos=14,13 size=220,12
    #Viewport pos=249,0 size=750,718
      #Canvas pos=0,43 size=750,675
        #ScreenContent pos=0,0 size=738,447
          #MenuScreen pos=0,0 size=0,0
            #MenuCardWrap pos=0,0 size=0,0
              #MenuCaption pos=0,0 size=0,0
              #OverlayCard pos=0,0 size=0,0
                #MenuFooter pos=0,0 size=0,0
                  #MenuBlinkDot pos=0,0 size=0,0
                  #MenuLastAction pos=0,0 size=0,0
                  #MenuLastActionLabel pos=0,0 size=0,0
                #MenuHeader pos=0,0 size=0,0
                  #MenuDropdown pos=0,4 size=0,0
                    #MenuItem-Copylink pos=0,0 size=0,0
                      #MenuItemIcon pos=0,0 size=0,0
                      #MenuItemKbd pos=0,0 size=0,0
                        #KbdCmdGlyph pos=0,0 size=0,0
                        #KbdCmdText pos=0,0 size=0,0
                      #MenuItemLabel pos=0,0 size=0,0
                      #MenuItemSpacer pos=0,0 size=0,0
                    #MenuItem-Delete pos=0,0 size=0,0
                      #MenuItemIcon pos=0,0 size=0,0
                      #MenuItemKbd pos=0,0 size=0,0
                      #MenuItemLabel pos=0,0 size=0,0
                      #MenuItemSpacer pos=0,0 size=0,0
                    #MenuItem-Duplicate pos=0,0 size=0,0
                      #MenuItemIcon pos=0,0 size=0,0
                      #MenuItemKbd pos=0,0 size=0,0
                        #KbdCmdGlyph pos=0,0 size=0,0
                        #KbdCmdText pos=0,0 size=0,0
                      #MenuItemLabel pos=0,0 size=0,0
                      #MenuItemSpacer pos=0,0 size=0,0
                    #MenuItem-Open pos=0,0 size=0,0
                      #MenuItemIcon pos=0,0 size=0,0
                      #MenuItemKbd pos=0,0 size=0,0
                      #MenuItemLabel pos=0,0 size=0,0
                      #MenuItemSpacer pos=0,0 size=0,0
                    #MenuItem-Rename pos=0,0 size=0,0
                      #MenuItemIcon pos=0,0 size=0,0
                      #MenuItemKbd pos=0,0 size=0,0
                      #MenuItemLabel pos=0,0 size=0,0
                      #MenuItemSpacer pos=0,0 size=0,0
                  #MenuFileTile pos=0,0 size=0,0
                    #MenuFolderIcon pos=0,0 size=0,0
                  #MenuHeaderSpacer pos=0,0 size=0,0
                  #MenuNameCol pos=0,0 size=0,0
                    #MenuFileName pos=0,0 size=0,0
                    #MenuFilePath pos=0,0 size=0,0
                  #MenuTrigger pos=0,0 size=0,0
                    #MenuDotsCenter pos=0,0 size=0,0
                      #MenuDotsIcon pos=0,0 size=0,0
            #MenuOverlayPrimitives pos=0,0 size=0,0
              InfoPopover pos=0,4 size=0,0
                InfoPopoverText pos=0,0 size=0,0
              InfoTip pos=0,0 size=0,0
                entity#316 pos=0,0 size=0,0
                entity#317 pos=0,6 size=0,0
          #ModalRoot pos=0,0 size=0,0
            #ModalCaption pos=0,0 size=0,0
            #ModalTriggers pos=0,0 size=0,0
              #ModalCreateTrigger pos=0,0 size=0,0
                #ModalTriggerIcon pos=0,0 size=0,0
                #ModalTriggerLabel pos=0,0 size=0,0
              #ModalDeleteTrigger pos=0,0 size=0,0
                #ModalTriggerIcon pos=0,0 size=0,0
                #ModalTriggerLabel pos=0,0 size=0,0
          #ScrollScreen pos=0,0 size=0,0
            #ScrollWrap pos=0,0 size=0,0
              #ScrollHeading pos=0,0 size=0,0
                #ScrollH1 pos=0,0 size=0,0
                #ScrollHeadingSpacer pos=0,0 size=0,0
                #ScrollTotal pos=0,0 size=0,0
                #SearchInput pos=0,0 size=0,0
                  #SearchField pos=0,0 size=0,0
                  #SearchIcon pos=0,0 size=0,0
              #ScrollPanel pos=0,0 size=0,0
                #ScrollFooter pos=0,0 size=0,0
                  #ScrollFooterSelection pos=0,0 size=0,0
                  #ScrollFooterWindow pos=0,0 size=0,0
                #TableHeader pos=0,0 size=0,0
                  #HeaderCell-FRAME pos=0,0 size=0,0
                  #HeaderCell-INDEX pos=0,0 size=0,0
                  #HeaderCell-NODE pos=0,0 size=0,0
                  #HeaderCell-STATE pos=0,0 size=0,0
                ScrollList pos=0,0 size=0,0
          #ShowcaseScreen pos=0,0 size=0,0
            #ShowcaseWrap pos=0,0 size=0,0
              #ShowcaseGrid pos=0,0 size=0,0
                #ShowcaseDiscCard pos=0,0 size=0,0
                  #ShowcaseDiscItem-0 pos=0,0 size=0,0
                    #ShowcaseDiscBody pos=0,0 size=0,0
                    #ShowcaseDisclosure pos=0,0 size=0,0
                      #ShowcaseChevron pos=0,0 size=0,0
                      #ShowcaseDiscTag pos=0,0 size=0,0
                      #ShowcaseDiscTitle pos=0,0 size=0,0
                  #ShowcaseDiscItem-1 pos=0,0 size=0,0
                    #ShowcaseDiscBody pos=0,0 size=0,0
                    #ShowcaseDisclosure pos=0,0 size=0,0
                      #ShowcaseChevron pos=0,0 size=0,0
                      #ShowcaseDiscTag pos=0,0 size=0,0
                      #ShowcaseDiscTitle pos=0,0 size=0,0
                  #ShowcaseDiscItem-2 pos=0,0 size=0,0
                    #ShowcaseDiscBody pos=0,0 size=0,0
                    #ShowcaseDisclosure pos=0,0 size=0,0
                      #ShowcaseChevron pos=0,0 size=0,0
                      #ShowcaseDiscTag pos=0,0 size=0,0
                      #ShowcaseDiscTitle pos=0,0 size=0,0
                #ShowcaseMeterCard pos=0,0 size=0,0
                  #MeterTrack pos=0,0 size=0,0
                    #MeterFill pos=0,0 size=0,0
                  #ShowcaseMeterHeader pos=0,0 size=0,0
                    #ShowcaseMeterLabel pos=0,0 size=0,0
                    #ShowcaseMeterValue pos=0,0 size=0,0
                  #ShowcaseRunBuild pos=0,0 size=0,0
                    #ShowcaseRunBuildLabel pos=0,0 size=0,0
                #ShowcaseSegStepCard pos=0,0 size=0,0
                  #ShowcaseSegSection pos=0,0 size=0,0
                    #Segmented pos=0,0 size=0,0
                      #SegmentedOption-0 pos=0,0 size=0,0
                        #SegmentedLabel-0 pos=0,0 size=0,0
                      #SegmentedOption-1 pos=0,0 size=0,0
                        #SegmentedLabel-1 pos=0,0 size=0,0
                      #SegmentedOption-2 pos=0,0 size=0,0
                        #SegmentedLabel-2 pos=0,0 size=0,0
                    #ShowcaseSegLabel pos=0,0 size=0,0
                  #ShowcaseStepSection pos=0,0 size=0,0
                    #ShowcaseStepLabel pos=0,0 size=0,0
                    #Stepper pos=0,0 size=0,0
                      #StepperButton-Decrement pos=0,0 size=0,0
                        #StepperIcon-Decrement pos=0,0 size=0,0
                      #StepperButton-Increment pos=0,0 size=0,0
                        #StepperIcon-Increment pos=0,0 size=0,0
                      #StepperCount pos=0,0 size=0,0
                #ShowcaseSliderCard pos=0,0 size=0,0
                  #ShowcasePreviewWrap pos=0,0 size=0,0
                    #ShowcasePreview pos=0,0 size=0,0
                  #ShowcaseSlider pos=0,0 size=0,0
                    #ShowcaseSliderTrack pos=0,0 size=0,0
                      #ShowcaseSliderFill pos=0,0 size=0,0
                      #ShowcaseSliderThumb pos=0,0 size=0,0
                  #ShowcaseSliderHeader pos=0,0 size=0,0
                    #ShowcaseRadiusValue pos=0,0 size=0,0
                    #ShowcaseSliderLabel pos=0,0 size=0,0
                #ShowcaseSwitchCard pos=0,0 size=0,0
                  #ShowcaseSwitchLabel pos=0,0 size=0,0
                  #ShowcaseSwitchList pos=0,0 size=0,0
                    #ShowcaseSwitchRow-0 pos=0,0 size=0,0
                      #ShowcaseSwitch pos=0,0 size=0,0
                        #ShowcaseSwitchTrack pos=0,0 size=0,0
                          #ShowcaseSwitchThumb pos=0,0 size=0,0
                      #ShowcaseSwitchCol pos=0,0 size=0,0
                        #ShowcaseSwitchDesc pos=0,0 size=0,0
                        #ShowcaseSwitchName pos=0,0 size=0,0
                    #ShowcaseSwitchRow-1 pos=0,0 size=0,0
                      #ShowcaseSwitch pos=0,0 size=0,0
                        #ShowcaseSwitchTrack pos=0,0 size=0,0
                          #ShowcaseSwitchThumb pos=0,0 size=0,0
                      #ShowcaseSwitchCol pos=0,0 size=0,0
                        #ShowcaseSwitchDesc pos=0,0 size=0,0
                        #ShowcaseSwitchName pos=0,0 size=0,0
                    #ShowcaseSwitchRow-2 pos=0,0 size=0,0
                      #ShowcaseSwitch pos=0,0 size=0,0
                        #ShowcaseSwitchTrack pos=0,0 size=0,0
                          #ShowcaseSwitchThumb pos=0,0 size=0,0
                      #ShowcaseSwitchCol pos=0,0 size=0,0
                        #ShowcaseSwitchDesc pos=0,0 size=0,0
                        #ShowcaseSwitchName pos=0,0 size=0,0
          #TodoScreen pos=0,0 size=738,447
            #TodoWrap pos=65,0 size=608,447
              #TodoCaption pos=24,369 size=560,14
              #TodoCard pos=24,102 size=560,253
                #TodoDraftRow pos=1,1 size=558,51
                  #AddField pos=50,15 size=460,20
                  #TodoKbd pos=522,15 size=20,20
                    #TodoKbdGlyph pos=7,4 size=6,12
                  #ToggleAll pos=16,14 size=22,22
                    #ToggleAllChevron pos=3,3 size=16,16
                #TodoEmpty pos=0,0 size=0,0
                #TodoFooter pos=1,205 size=558,47
                  #ClearButton pos=477,12 size=67,24
                    #ClearDoneLabel pos=4,5 size=59,14
                  #ItemsLeft pos=14,17 size=49,14
                    #ItemsLeftCount pos=0,0 size=49,14
                  #TodoFilters pos=195,12 size=150,24
                    #FilterActive pos=40,0 size=56,24
                      #FilterLabel pos=11,5 size=34,14
                    #FilterAll pos=0,0 size=37,24
                      #FilterLabel pos=11,5 size=15,14
                    #FilterCompleted pos=99,0 size=51,24
                      #FilterLabel pos=11,5 size=29,14
                #TodoList pos=1,52 size=558,153
                  #TodoRow pos=0,0 size=558,51
                    #RowCheckbox pos=16,14 size=490,23
                      #RowCheckBox pos=0,0 size=23,23
                        #RowCheckIcon pos=5,5 size=13,13
                      #RowLabel pos=35,3 size=455,18
                    #RowDestroy pos=518,12 size=26,26
                      #RowDeleteIcon pos=6,6 size=14,14
                  #TodoRow pos=0,51 size=558,51
                    #RowCheckbox pos=16,14 size=490,23
                      #RowCheckBox pos=0,0 size=23,23
                        #RowCheckIcon pos=5,5 size=13,13
                      #RowLabel pos=35,3 size=455,18
                    #RowDestroy pos=518,12 size=26,26
                      #RowDeleteIcon pos=6,6 size=14,14
                  #TodoRow pos=0,102 size=558,51
                    #RowCheckbox pos=16,14 size=490,23
                      #RowCheckBox pos=0,0 size=23,23
                        #RowCheckIcon pos=5,5 size=13,13
                      #RowLabel pos=35,3 size=455,18
                    #RowDestroy pos=518,12 size=26,26
                      #RowDeleteIcon pos=6,6 size=14,14
              #TodoHeading pos=24,48 size=560,36
                #TodoH1 pos=0,0 size=80,36
                #TodoRemainingBadge pos=475,11 size=85,25
                  #TodoRemaining pos=10,5 size=65,15
      #ViewportHeader pos=0,0 size=750,43
        #VpHeaderSpacer pos=239,21 size=399,0
        #VpScreenName pos=16,13 size=53,16
        #VpScreenPath pos=81,14 size=146,14
        #VpSizeChip pos=650,10 size=84,22
          #VpSizeBadge pos=9,4 size=66,14
  #StatusBar pos=0,771 size=1280,29
    #ReadyGroup pos=14,8 size=46,14
      #ReadyDot pos=0,4 size=7,7
      #ReadyLabel pos=13,0 size=33,14
    #StatusPath pos=99,8 size=146,14
    #StatusRight pos=1081,8 size=80,14
    #StatusSep pos=76,8 size=7,14
    #StatusSep pos=1177,8 size=7,14
    #StatusSpacer pos=261,15 size=804,0
    #StatusVersion pos=1200,8 size=66,14
  #TopChrome pos=0,0 size=1280,53
    #CargoChip pos=930,13 size=200,26
      #CargoCmd pos=17,6 size=173,14
      #CargoPrefix pos=10,6 size=7,14
    #ChromeSpacer pos=228,26 size=684,0
    #GithubButton pos=1232,10 size=32,32
      #GithubMark pos=9,9 size=15,15
    #LogoCluster pos=18,14 size=192,24
      #CatalogBadge pos=80,1 size=112,22
        #CatalogBadgeText pos=8,4 size=96,14
      #LogoTile pos=0,0 size=24,24
        #LogoGlyph pos=6,6 size=13,13
      #Wordmark pos=34,3 size=36,18
    #ThemeChip pos=1148,13 size=66,26
      #ThemeLabel pos=29,6 size=27,14
      #ThemeMoon pos=10,7 size=13,13
ModalDialog pos=0,0 size=1328,848
  #ModalCard pos=443,232 size=442,384
    #ModalCreateBody pos=1,73 size=440,245
      #ModalKindField pos=20,95 size=400,58
        #ModalKind pos=0,21 size=400,37
          #SegmentedOption-0 pos=4,4 size=130,29
            #SegmentedLabel-0 pos=46,7 size=38,15
          #SegmentedOption-1 pos=138,4 size=132,29
            #SegmentedLabel-1 pos=46,7 size=39,15
          #SegmentedOption-2 pos=274,4 size=122,29
            #SegmentedLabel-2 pos=46,7 size=30,15
        #ModalKindLabel pos=0,0 size=400,14
      #ModalNameField pos=20,18 size=400,61
        #ModalNameInput pos=0,21 size=400,40
        #ModalNameLabel pos=0,0 size=400,14
      #ModalRegisterRow pos=20,169 size=400,58
        #ModalRegisterCol pos=15,13 size=153,32
          #ModalRegisterSub pos=0,18 size=153,14
          #ModalRegisterTitle pos=0,0 size=153,16
        #ModalRegisterSwitch pos=345,19 size=40,20
          entity#344 pos=0,0 size=40,20
            entity#345 pos=0,2 size=16,16
    #ModalDeleteBody pos=0,0 size=0,0
      #ModalDeleteText pos=0,0 size=0,0
      #ModalWarnTile pos=0,0 size=0,0
        #ModalWarnIcon pos=0,0 size=0,0
    #ModalFooter pos=1,318 size=440,65
      #ModalCancel pos=265,14 size=72,38
        #ModalCloseLabel pos=15,11 size=42,16
      #ModalConfirm pos=347,15 size=73,36
        #ModalConfirmLabel pos=16,10 size=41,16
      #ModalEscKbd pos=20,22 size=88,22
        #ModalEscGlyph pos=8,5 size=72,12
      #ModalFooterSpacer pos=118,33 size=137,0
    #ModalHeader pos=1,1 size=440,72
      #ModalCloseX pos=390,18 size=30,30
        #ModalCloseIcon pos=8,8 size=14,14
      #ModalTitleCol pos=20,18 size=358,39
        #ModalSub pos=0,23 size=358,16
        #ModalTitle pos=0,0 size=358,20
  #ModalScrim pos=0,0 size=1328,848
