---
source: examples/buiy_gallery/tests/showcase_layout.rs
expression: showcase_screen
---
# buiy-layout-dump v1
#ShowcaseScreen pos=0,0 size=800,645
  #ShowcaseWrap pos=-24,0 size=848,645
    #ShowcaseGrid pos=24,28 size=800,561
      #ShowcaseDiscCard pos=0,382 size=800,179
        #ShowcaseDiscItem-0 pos=17,7 size=766,78
          #ShowcaseDiscBody pos=0,43 size=766,34
          #ShowcaseDisclosure pos=0,0 size=766,43
            #ShowcaseChevron pos=0,14 size=16,16
            #ShowcaseDiscTag pos=721,15 size=45,13
            #ShowcaseDiscTitle pos=26,13 size=685,17
        #ShowcaseDiscItem-1 pos=17,85 size=766,44
          #ShowcaseDiscBody pos=0,0 size=0,0
          #ShowcaseDisclosure pos=0,0 size=766,43
            #ShowcaseChevron pos=0,14 size=16,16
            #ShowcaseDiscTag pos=721,15 size=45,13
            #ShowcaseDiscTitle pos=26,13 size=685,17
        #ShowcaseDiscItem-2 pos=17,129 size=766,43
          #ShowcaseDiscBody pos=0,0 size=0,0
          #ShowcaseDisclosure pos=0,0 size=766,43
            #ShowcaseChevron pos=0,14 size=16,16
            #ShowcaseDiscTag pos=740,15 size=26,13
            #ShowcaseDiscTitle pos=26,13 size=704,17
      #ShowcaseMeterCard pos=408,195 size=392,171
        #MeterTrack pos=17,44 size=280,8
          #MeterFill pos=0,0 size=280,8
        #ShowcaseMeterHeader pos=17,17 size=358,15
          #ShowcaseMeterLabel pos=0,2 size=94,12
          #ShowcaseMeterValue pos=336,0 size=22,15
        #ShowcaseRunBuild pos=17,64 size=360,36
          #ShowcaseRunBuildLabel pos=153,11 size=54,15
      #ShowcaseSegStepCard pos=0,195 size=392,171
        #ShowcaseSegSection pos=17,17 size=358,61
          #Segmented pos=0,24 size=358,37
            #SegmentedOption-0 pos=4,4 size=104,29
              #SegmentedLabel-0 pos=38,7 size=29,15
            #SegmentedOption-1 pos=112,4 size=127,29
              #SegmentedLabel-1 pos=38,7 size=52,15
            #SegmentedOption-2 pos=243,4 size=111,29
              #SegmentedLabel-2 pos=38,7 size=36,15
          #ShowcaseSegLabel pos=0,0 size=358,12
        #ShowcaseStepSection pos=17,94 size=358,60
          #ShowcaseStepLabel pos=0,0 size=358,12
          #Stepper pos=0,24 size=358,36
            #StepperButton-Decrement pos=0,0 size=36,36
              #StepperIcon-Decrement pos=11,11 size=15,15
            #StepperButton-Increment pos=100,0 size=36,36
              #StepperIcon-Increment pos=11,11 size=15,15
            #StepperCount pos=46,6 size=44,24
      #ShowcaseSliderCard pos=408,0 size=392,179
        #ShowcasePreviewWrap pos=17,46 size=358,110
          #ShowcasePreview pos=135,6 size=88,88
        #ShowcaseSlider pos=17,156 size=358,6
          #ShowcaseSliderTrack pos=0,0 size=248,6
            #ShowcaseSliderFill pos=0,0 size=87,6
            #ShowcaseSliderThumb pos=0,-4 size=15,15
        #ShowcaseSliderHeader pos=17,17 size=358,15
          #ShowcaseRadiusValue pos=329,0 size=29,15
          #ShowcaseSliderLabel pos=0,2 size=108,12
      #ShowcaseSwitchCard pos=0,0 size=392,179
        #ShowcaseSwitchLabel pos=17,17 size=358,12
        #ShowcaseSwitchList pos=17,43 size=358,119
          #ShowcaseSwitchRow-0 pos=0,0 size=358,31
            #ShowcaseSwitch pos=318,4 size=40,23
              #ShowcaseSwitchTrack pos=0,0 size=40,23
                #ShowcaseSwitchThumb pos=0,3 size=17,17
            #ShowcaseSwitchCol pos=0,0 size=101,31
              #ShowcaseSwitchDesc pos=0,17 size=101,14
              #ShowcaseSwitchName pos=0,0 size=101,16
          #ShowcaseSwitchRow-1 pos=0,44 size=358,31
            #ShowcaseSwitch pos=318,4 size=40,23
              #ShowcaseSwitchTrack pos=0,0 size=40,23
                #ShowcaseSwitchThumb pos=0,3 size=17,17
            #ShowcaseSwitchCol pos=0,0 size=75,31
              #ShowcaseSwitchDesc pos=0,17 size=75,14
              #ShowcaseSwitchName pos=0,0 size=75,16
          #ShowcaseSwitchRow-2 pos=0,88 size=358,31
            #ShowcaseSwitch pos=318,4 size=40,23
              #ShowcaseSwitchTrack pos=0,0 size=40,23
                #ShowcaseSwitchThumb pos=0,3 size=17,17
            #ShowcaseSwitchCol pos=0,0 size=99,31
              #ShowcaseSwitchDesc pos=0,17 size=99,14
              #ShowcaseSwitchName pos=0,0 size=99,16
